Resolving dependencies...
Downloading packages...
  characters 1.4.0 (1.4.1 available)
  ffi 2.1.5 (2.2.0 available)
  google_fonts 6.3.3 (8.0.2 available)
  matcher 0.12.17 (0.12.18 available)
  material_color_utilities 0.11.1 (0.13.0 available)
  meta 1.17.0 (1.18.1 available)
  mgrs_dart 2.0.0 (3.0.0 available)
  proj4dart 2.1.0 (3.0.0 available)
  test_api 0.7.7 (0.7.9 available)
  unicode 0.3.1 (1.1.9 available)
  uuid 4.5.2 (4.5.3 available)
Got dependencies!
11 packages have newer versions incompatible with dependency constraints.
Try `flutter pub outdated` for more information.
00:00 +0: loading /app/client/test/detail_page_park_and_ride_test.dart                                                                                                                                 00:01 +0: loading /app/client/test/detail_page_park_and_ride_test.dart                                                                                                                                 00:02 +0: loading /app/client/test/detail_page_park_and_ride_test.dart                                                                                                                                 00:02 +0: /app/client/test/detail_page_park_and_ride_test.dart: DetailPage handles Park and Ride correctly (no parking split)                                                                          00:03 +0: /app/client/test/detail_page_park_and_ride_test.dart: DetailPage handles Park and Ride correctly (no parking split)                                                                          00:03 +1: /app/client/test/detail_page_park_and_ride_test.dart: DetailPage handles Park and Ride correctly (no parking split)                                                                          00:03 +2: /app/client/test/detail_page_park_and_ride_test.dart: DetailPage handles Park and Ride correctly (no parking split)                                                                          00:03 +2: /app/client/test/detail_page_park_and_ride_test.dart: DetailPage allows editing P&R bus segment                                                                                              00:04 +2: /app/client/test/detail_page_park_and_ride_test.dart: DetailPage allows editing P&R bus segment                                                                                              00:04 +3: /app/client/test/detail_page_park_and_ride_test.dart: DetailPage allows editing P&R bus segment                                                                                              00:04 +3: loading /app/client/test/direct_drive_page_test.dart                                                                                                                                         00:04 +3: /app/client/test/direct_drive_page_test.dart: DirectDrivePage renders info boxes without overflow on narrow screen                                                                           00:05 +3: /app/client/test/direct_drive_page_test.dart: DirectDrivePage renders info boxes without overflow on narrow screen                                                                           00:05 +4: /app/client/test/new_widgets_test.dart: Header renders correct title                                                                                                                         00:05 +5: /app/client/test/new_widgets_test.dart: Header renders correct title                                                                                                                         00:05 +5: /app/client/test/new_widgets_test.dart: SearchForm renders inputs                                                                                                                            00:06 +5: /app/client/test/new_widgets_test.dart: SearchForm renders inputs                                                                                                                            00:06 +6: /app/client/test/new_widgets_test.dart: SearchForm renders inputs                                                                                                                            00:06 +6: /app/client/test/new_widgets_test.dart: JourneyResultCard renders cost and duration                                                                                                          00:06 +7: /app/client/test/new_widgets_test.dart: JourneyResultCard renders cost and duration                                                                                                          00:06 +7: loading /app/client/test/search_summary_header_test.dart                                                                                                                                     00:06 +7: /app/client/test/search_summary_header_test.dart: SearchSummaryHeader renders correct text order                                                                                             00:07 +7: /app/client/test/search_summary_header_test.dart: SearchSummaryHeader renders correct text order                                                                                             00:07 +8: /app/client/test/search_summary_header_test.dart: SearchSummaryHeader renders correct text order                                                                                             00:07 +8: loading /app/client/test/navigation_view_all_test.dart                                                                                                                                       00:07 +8: /app/client/test/navigation_view_all_test.dart: SummaryPage shows "View all routes" button when more routes exist                                                                            00:08 +8: /app/client/test/navigation_view_all_test.dart: SummaryPage shows "View all routes" button when more routes exist                                                                            00:08 +9: /app/client/test/api_service_test.dart: fetchInitData returns InitData with paths                                                                                                            00:08 +10: /app/client/test/api_service_test.dart: fetchInitData returns InitData with paths                                                                                                           00:08 +11: /app/client/test/api_service_test.dart: fetchInitData returns InitData with paths                                                                                                           00:08 +11: /app/client/test/api_service_test.dart: searchJourneys smart tab sorting                                                                                                                    00:09 +11: /app/client/test/api_service_test.dart: searchJourneys smart tab sorting                                                                                                                    00:09 +12: /app/client/test/api_service_test.dart: searchJourneys smart tab sorting                                                                                                                    00:09 +12: loading /app/client/test/detail_page_access_merge_test.dart                                                                                                                                 00:09 +12: /app/client/test/detail_page_access_merge_test.dart: DetailPage merges multi-segment access legs correctly                                                                                  00:10 +12: /app/client/test/detail_page_access_merge_test.dart: DetailPage merges multi-segment access legs correctly                                                                                  00:10 +12: /app/client/test/timeline_summary_view_duration_test.dart: TimelineSummaryView displays duration text
══╡ EXCEPTION CAUGHT BY FLUTTER TEST FRAMEWORK ╞════════════════════════════════════════════════════
The following TestFailure was thrown running a test:
Expected: exactly one matching candidate
  Actual: _TextWidgetFinder:<Found 0 widgets with text "5": []>
   Which: means none were found but one was expected

When the exception was thrown, this was the stack:
#4      main.<anonymous closure> (file:///app/client/test/timeline_summary_view_duration_test.dart:27:6)
<asynchronous suspension>
#5      testWidgets.<anonymous closure>.<anonymous closure> (package:flutter_test/src/widget_tester.dart:192:15)
<asynchronous suspension>
#6      TestWidgetsFlutterBinding._runTestBody (package:flutter_test/src/binding.dart:1059:5)
<asynchronous suspension>
<asynchronous suspension>
(elided one frame from package:stack_trace)

This was caught by the test expectation on the following line:
  file:///app/client/test/timeline_summary_view_duration_test.dart line 27
The test description was:
  TimelineSummaryView displays duration text
════════════════════════════════════════════════════════════════════════════════════════════════════
00:10 +12 -1: /app/client/test/timeline_summary_view_duration_test.dart: TimelineSummaryView displays duration text [E]
  Test failed. See exception logs above.
  The test description was: TimelineSummaryView displays duration text


To run this test again: /opt/flutter/bin/cache/dart-sdk/bin/dart test /app/client/test/timeline_summary_view_duration_test.dart -p vm --plain-name 'TimelineSummaryView displays duration text'
00:11 +13 -1: /app/client/test/detail_page_access_merge_test.dart: DetailPage merges multi-segment access legs correctly                                                                               00:11 +13 -1: loading /app/client/test/detail_page_merge_test.dart                                                                                                                                     00:11 +13 -1: /app/client/test/detail_page_merge_test.dart: DetailPage merges train segments correctly                                                                                                 00:12 +13 -1: /app/client/test/detail_page_merge_test.dart: DetailPage merges train segments correctly                                                                                                 00:12 +14 -1: /app/client/test/detail_page_merge_test.dart: DetailPage merges train segments correctly                                                                                                 00:12 +15 -1: /app/client/test/detail_page_merge_test.dart: DetailPage merges train segments correctly                                                                                                 00:12 +16 -1: /app/client/test/detail_page_merge_test.dart: DetailPage merges train segments correctly                                                                                                 00:13 +16 -1: /app/client/test/detail_page_merge_test.dart: DetailPage merges train segments correctly                                                                                                 00:13 +17 -1: /app/client/test/api_service_double_lines_test.dart: train_walk_headingley walk segment has path                                                                                         00:13 +18 -1: /app/client/test/api_service_double_lines_test.dart: train_walk_headingley walk segment has path                                                                                         00:13 +18 -1: /app/client/test/api_service_double_lines_test.dart: train_uber_headingley taxi segment has path                                                                                         00:14 +18 -1: /app/client/test/api_service_double_lines_test.dart: train_uber_headingley taxi segment has path                                                                                         00:14 +19 -1: /app/client/test/detail_page_transfer_test.dart: DetailPage renders transfer segment with vertical line                                                                                  00:15 +19 -1: /app/client/test/detail_page_transfer_test.dart: DetailPage renders transfer segment with vertical line                                                                                  00:15 +20 -1: /app/client/test/edit_leg_modal_widget_test.dart: LegSelectorModal displays options and handles selection                                                                                00:15 +21 -1: /app/client/test/edit_leg_modal_widget_test.dart: LegSelectorModal displays options and handles selection                                                                                00:15 +22 -1: /app/client/test/edit_leg_modal_widget_test.dart: LegSelectorModal displays options and handles selection                                                                                00:15 +23 -1: /app/client/test/edit_leg_modal_widget_test.dart: LegSelectorModal displays options and handles selection                                                                                00:15 +24 -1: /app/client/test/edit_leg_modal_widget_test.dart: LegSelectorModal displays options and handles selection                                                                                00:15 +24 -1: /app/client/test/edit_leg_modal_widget_test.dart: LegSelectorModal sorting works                                                                                                         00:16 +24 -1: /app/client/test/edit_leg_modal_widget_test.dart: LegSelectorModal sorting works                                                                                                         00:16 +25 -1: /app/client/test/edit_leg_modal_widget_test.dart: LegSelectorModal sorting works                                                                                                         00:16 +25 -1: /app/client/test/edit_leg_modal_widget_test.dart: LegSelectorModal uses labelBuilder                                                                                                     00:16 +26 -1: /app/client/test/edit_leg_modal_widget_test.dart: LegSelectorModal uses labelBuilder                                                                                                     00:16 +26 -1: loading /app/client/test/polyline_test.dart                                                                                                                                              00:16 +26 -1: /app/client/test/polyline_test.dart: Polyline Decoding Decodes simple polyline                                                                                                           00:16 +27 -1: /app/client/test/polyline_test.dart: Polyline Decoding Decodes simple polyline                                                                                                           00:16 +27 -1: /app/client/test/polyline_test.dart: Polyline Decoding Decodes polyline with large coordinates (mock data sample)                                                                        00:16 +28 -1: /app/client/test/polyline_test.dart: Polyline Decoding Decodes polyline with large coordinates (mock data sample)                                                                        00:17 +28 -1: /app/client/test/polyline_test.dart: Polyline Decoding Decodes polyline with large coordinates (mock data sample)                                                                        00:17 +28 -1: loading /app/client/test/detail_page_parking_test.dart                                                                                                                                   00:17 +28 -1: /app/client/test/detail_page_parking_test.dart: DetailPage shows "Free, but limited parking" when parking cost is 0                                                                      00:18 +28 -1: /app/client/test/detail_page_parking_test.dart: DetailPage shows "Free, but limited parking" when parking cost is 0                                                                      00:18 +29 -1: /app/client/test/detail_page_initial_snap_test.dart: DetailPage DraggableScrollableSheet has correct initialChildSize                                                                    00:18 +30 -1: /app/client/test/detail_page_initial_snap_test.dart: DetailPage DraggableScrollableSheet has correct initialChildSize                                                                    00:18 +31 -1: /app/client/test/detail_page_initial_snap_test.dart: DetailPage DraggableScrollableSheet has correct initialChildSize                                                                    00:19 +31 -1: /app/client/test/detail_page_initial_snap_test.dart: DetailPage DraggableScrollableSheet has correct initialChildSize                                                                    00:19 +31 -1: loading /app/client/test/timeline_summary_view_logo_test.dart                                                                                                                            00:19 +31 -1: /app/client/test/timeline_summary_view_logo_test.dart: TimelineSummaryView does not clip EMR logo                                                                                        00:20 +31 -1: /app/client/test/timeline_summary_view_logo_test.dart: TimelineSummaryView does not clip EMR logo                                                                                        00:20 +32 -1: /app/client/test/direct_drive_page_route_id_test.dart: DirectDrivePage passes routeId to ApiService                                                                                      00:21 +32 -1: /app/client/test/direct_drive_page_route_id_test.dart: DirectDrivePage passes routeId to ApiService                                                                                      00:21 +33 -1: /app/client/test/direct_drive_page_route_id_test.dart: DirectDrivePage passes routeId to ApiService                                                                                      00:21 +33 -1: loading /app/client/test/mock_data_validity_test.dart                                                                                                                                    00:21 +33 -1: /app/client/test/mock_data_validity_test.dart: Mock Data Validity All polylines in mock_data.dart decode correctly                                                                       00:21 +34 -1: /app/client/test/mock_data_validity_test.dart: Mock Data Validity All polylines in mock_data.dart decode correctly                                                                       00:21 +34 -1: loading /app/client/test/timeline_summary_view_test.dart                                                                                                                                 00:21 +34 -1: /app/client/test/timeline_summary_view_test.dart: TimelineSummaryView has correct padding                                                                                                00:22 +34 -1: /app/client/test/timeline_summary_view_test.dart: TimelineSummaryView has correct padding                                                                                                00:22 +35 -1: /app/client/test/stourton_test.dart: Stourton P&R Edit shows all options                                                                                                                 00:22 +36 -1: /app/client/test/stourton_test.dart: Stourton P&R Edit shows all options                                                                                                                 00:22 +37 -1: /app/client/test/stourton_test.dart: Stourton P&R Edit shows all options                                                                                                                 00:23 +37 -1: /app/client/test/stourton_test.dart: Stourton P&R Edit shows all options                                                                                                                 00:23 +38 -1: /app/client/test/timeline_summary_adaptive_test.dart: TimelineSummaryView simplifies text on overflow                                                                                    00:24 +38 -1: /app/client/test/timeline_summary_adaptive_test.dart: TimelineSummaryView simplifies text on overflow                                                                                    00:24 +39 -1: /app/client/test/timeline_summary_adaptive_test.dart: TimelineSummaryView simplifies text on overflow                                                                                    00:24 +39 -1: loading /app/client/test/widget_test.dart                                                                                                                                                00:24 +39 -1: /app/client/test/widget_test.dart: Counter increments smoke test                                                                                                                         00:25 +39 -1: /app/client/test/widget_test.dart: Counter increments smoke test                                                                                                                         00:25 +40 -1: /app/client/test/widget_test.dart: Counter increments smoke test                                                                                                                         00:25 +40 -1: Some tests failed.
